2026-05-17 18:19:15 [[32minfo[39m]: ✅ Socket.IO initialized
2026-05-17 18:19:15 [[32minfo[39m]: ✅ Database connected
2026-05-17 18:19:15 [[32minfo[39m]: 🚀 BookLeaf API server running on port 5000
2026-05-17 18:19:15 [[32minfo[39m]: 📚 Swagger docs: http://localhost:5000/api/docs
2026-05-17 18:19:15 [[32minfo[39m]: 🔌 Socket.IO enabled
2026-05-17 18:24:29 [[32minfo[39m]: ✅ Socket.IO initialized
2026-05-17 18:24:29 [[32minfo[39m]: ✅ Database connected
2026-05-17 18:24:29 [[32minfo[39m]: 🚀 BookLeaf API server running on port 5000
2026-05-17 18:24:29 [[32minfo[39m]: 📚 Swagger docs: http://localhost:5000/api/docs
2026-05-17 18:24:29 [[32minfo[39m]: 🔌 Socket.IO enabled
2026-05-18 20:10:13 [[32minfo[39m]: ✅ Socket.IO initialized
2026-05-18 20:10:14 [[32minfo[39m]: ✅ Database connected
2026-05-18 20:10:14 [[32minfo[39m]: 🚀 BookLeaf API server running on port 5000
2026-05-18 20:10:14 [[32minfo[39m]: 📚 Swagger docs: http://localhost:5000/api/docs
2026-05-18 20:10:14 [[32minfo[39m]: 🔌 Socket.IO enabled
2026-05-18 20:10:58 [[32minfo[39m]: New author registered: rahulkanyal9718436185@gmail.com
2026-05-18 21:56:46 [[32minfo[39m]: ✅ Socket.IO initialized
2026-05-18 21:56:47 [[32minfo[39m]: ✅ Database connected
2026-05-18 21:56:47 [[32minfo[39m]: 🚀 BookLeaf API server running on port 5000
2026-05-18 21:56:47 [[32minfo[39m]: 📚 Swagger docs: http://localhost:5000/api/docs
2026-05-18 21:56:47 [[32minfo[39m]: 🔌 Socket.IO enabled
2026-05-18 22:02:35 [[31merror[39m]: Error: Invalid email or password
    at createError (C:\Users\acer\Desktop\assignment\backend\src\middleware\errorHandler.ts:10:27)
    at Object.login (C:\Users\acer\Desktop\assignment\backend\src\services\auth.service.ts:53:24)
    at login (C:\Users\acer\Desktop\assignment\backend\src\controllers\auth.controller.ts:54:20)
2026-05-18 22:02:43 [[32minfo[39m]: User logged in: rahulkanyal9718436185@gmail.com (AUTHOR)
2026-05-18 22:02:52 [[32minfo[39m]: Socket connected: yeCNx8pM4csJLa4XAAAC (user: 9ee94249-7f3a-437d-aa2f-9b2d8221a237)
2026-05-18 22:02:55 [[32minfo[39m]: Socket disconnected: yeCNx8pM4csJLa4XAAAC
2026-05-18 22:03:57 [[32minfo[39m]: User logged in: admin@bookleaf.com (ADMIN)
2026-05-18 22:04:04 [[32minfo[39m]: Socket connected: ZG3YCabg1aqnZaHiAAAF (user: a701f91f-cf05-49c9-a996-10edff74976c)
2026-05-18 22:04:04 [[32minfo[39m]: Socket ZG3YCabg1aqnZaHiAAAF joined admin room
2026-05-18 22:09:54 [[32minfo[39m]: Socket disconnected: ZG3YCabg1aqnZaHiAAAF
2026-05-18 22:10:04 [[31merror[39m]: Error: Invalid email or password
    at createError (C:\Users\acer\Desktop\assignment\backend\src\middleware\errorHandler.ts:10:27)
    at Object.login (C:\Users\acer\Desktop\assignment\backend\src\services\auth.service.ts:53:24)
    at processTicksAndRejections (node:internal/process/task_queues:105:5)
    at login (C:\Users\acer\Desktop\assignment\backend\src\controllers\auth.controller.ts:54:20)
2026-05-18 22:10:06 [[31merror[39m]: Error: Invalid email or password
    at createError (C:\Users\acer\Desktop\assignment\backend\src\middleware\errorHandler.ts:10:27)
    at Object.login (C:\Users\acer\Desktop\assignment\backend\src\services\auth.service.ts:53:24)
    at processTicksAndRejections (node:internal/process/task_queues:105:5)
    at login (C:\Users\acer\Desktop\assignment\backend\src\controllers\auth.controller.ts:54:20)
2026-05-18 22:10:28 [[31merror[39m]: Error: Invalid email or password
    at createError (C:\Users\acer\Desktop\assignment\backend\src\middleware\errorHandler.ts:10:27)
    at Object.login (C:\Users\acer\Desktop\assignment\backend\src\services\auth.service.ts:53:24)
    at processTicksAndRejections (node:internal/process/task_queues:105:5)
    at login (C:\Users\acer\Desktop\assignment\backend\src\controllers\auth.controller.ts:54:20)
2026-05-18 22:10:29 [[31merror[39m]: Error: Invalid email or password
    at createError (C:\Users\acer\Desktop\assignment\backend\src\middleware\errorHandler.ts:10:27)
    at Object.login (C:\Users\acer\Desktop\assignment\backend\src\services\auth.service.ts:53:24)
    at processTicksAndRejections (node:internal/process/task_queues:105:5)
    at login (C:\Users\acer\Desktop\assignment\backend\src\controllers\auth.controller.ts:54:20)
2026-05-18 22:10:48 [[32minfo[39m]: ✅ Socket.IO initialized
2026-05-18 22:10:48 [[32minfo[39m]: ✅ Database connected
2026-05-18 22:10:48 [[32minfo[39m]: 🚀 BookLeaf API server running on port 5000
2026-05-18 22:10:48 [[32minfo[39m]: 📚 Swagger docs: http://localhost:5000/api/docs
2026-05-18 22:10:48 [[32minfo[39m]: 🔌 Socket.IO enabled
2026-05-19 19:00:50 [[32minfo[39m]: ✅ Socket.IO initialized
2026-05-19 19:00:51 [[32minfo[39m]: ✅ Database connected
2026-05-19 19:00:51 [[32minfo[39m]: 🚀 BookLeaf API server running on port 5000
2026-05-19 19:00:51 [[32minfo[39m]: 📚 Swagger docs: http://localhost:5000/api/docs
2026-05-19 19:00:51 [[32minfo[39m]: 🔌 Socket.IO enabled
2026-05-19 19:13:10 [[31merror[39m]: PrismaClientKnownRequestError: 
Invalid `prisma.user.findUnique()` invocation in
C:\Users\acer\Desktop\assignment\backend\src\services\auth.service.ts:48:36

  45 },
  46 
  47 async login(input: LoginInput) {
→ 48   const user = await prisma.user.findUnique(
Error opening a TLS connection: self-signed certificate in certificate chain
    at zr.handleRequestError (C:\Users\acer\Desktop\assignment\backend\node_modules\@prisma\client\src\runtime\RequestHandler.ts:237:13)
    at zr.handleAndLogRequestError (C:\Users\acer\Desktop\assignment\backend\node_modules\@prisma\client\src\runtime\RequestHandler.ts:183:12)
    at zr.request (C:\Users\acer\Desktop\assignment\backend\node_modules\@prisma\client\src\runtime\RequestHandler.ts:152:12)
    at processTicksAndRejections (node:internal/process/task_queues:105:5)
    at a (C:\Users\acer\Desktop\assignment\backend\node_modules\@prisma\client\src\runtime\getPrismaClient.ts:963:24)
    at Object.login (C:\Users\acer\Desktop\assignment\backend\src\services\auth.service.ts:48:18)
    at login (C:\Users\acer\Desktop\assignment\backend\src\controllers\auth.controller.ts:54:20)
2026-05-19 19:13:29 [[31merror[39m]: PrismaClientKnownRequestError: 
Invalid `prisma.user.findUnique()` invocation in
C:\Users\acer\Desktop\assignment\backend\src\services\auth.service.ts:48:36

  45 },
  46 
  47 async login(input: LoginInput) {
→ 48   const user = await prisma.user.findUnique(
Error opening a TLS connection: self-signed certificate in certificate chain
    at zr.handleRequestError (C:\Users\acer\Desktop\assignment\backend\node_modules\@prisma\client\src\runtime\RequestHandler.ts:237:13)
    at zr.handleAndLogRequestError (C:\Users\acer\Desktop\assignment\backend\node_modules\@prisma\client\src\runtime\RequestHandler.ts:183:12)
    at zr.request (C:\Users\acer\Desktop\assignment\backend\node_modules\@prisma\client\src\runtime\RequestHandler.ts:152:12)
    at processTicksAndRejections (node:internal/process/task_queues:105:5)
    at a (C:\Users\acer\Desktop\assignment\backend\node_modules\@prisma\client\src\runtime\getPrismaClient.ts:963:24)
    at Object.login (C:\Users\acer\Desktop\assignment\backend\src\services\auth.service.ts:48:18)
    at login (C:\Users\acer\Desktop\assignment\backend\src\controllers\auth.controller.ts:54:20)
2026-05-19 19:15:06 [[32minfo[39m]: ✅ Socket.IO initialized
2026-05-19 19:15:06 [[32minfo[39m]: ✅ Database connected
2026-05-19 19:15:06 [[32minfo[39m]: 🚀 BookLeaf API server running on port 5000
2026-05-19 19:15:06 [[32minfo[39m]: 📚 Swagger docs: http://localhost:5000/api/docs
2026-05-19 19:15:06 [[32minfo[39m]: 🔌 Socket.IO enabled
2026-05-19 19:18:59 [[31merror[39m]: PrismaClientKnownRequestError: 
Invalid `prisma.user.findUnique()` invocation in
C:\Users\acer\Desktop\assignment\backend\src\services\auth.service.ts:48:36

  45 },
  46 
  47 async login(input: LoginInput) {
→ 48   const user = await prisma.user.findUnique(
Error opening a TLS connection: self-signed certificate in certificate chain
    at zr.handleRequestError (C:\Users\acer\Desktop\assignment\backend\node_modules\@prisma\client\src\runtime\RequestHandler.ts:237:13)
    at zr.handleAndLogRequestError (C:\Users\acer\Desktop\assignment\backend\node_modules\@prisma\client\src\runtime\RequestHandler.ts:183:12)
    at zr.request (C:\Users\acer\Desktop\assignment\backend\node_modules\@prisma\client\src\runtime\RequestHandler.ts:152:12)
    at processTicksAndRejections (node:internal/process/task_queues:105:5)
    at a (C:\Users\acer\Desktop\assignment\backend\node_modules\@prisma\client\src\runtime\getPrismaClient.ts:963:24)
    at Object.login (C:\Users\acer\Desktop\assignment\backend\src\services\auth.service.ts:48:18)
    at login (C:\Users\acer\Desktop\assignment\backend\src\controllers\auth.controller.ts:54:20)
2026-05-19 19:19:19 [[31merror[39m]: PrismaClientKnownRequestError: 
Invalid `prisma.user.findUnique()` invocation in
C:\Users\acer\Desktop\assignment\backend\src\services\auth.service.ts:48:36

  45 },
  46 
  47 async login(input: LoginInput) {
→ 48   const user = await prisma.user.findUnique(
Error opening a TLS connection: self-signed certificate in certificate chain
    at zr.handleRequestError (C:\Users\acer\Desktop\assignment\backend\node_modules\@prisma\client\src\runtime\RequestHandler.ts:237:13)
    at zr.handleAndLogRequestError (C:\Users\acer\Desktop\assignment\backend\node_modules\@prisma\client\src\runtime\RequestHandler.ts:183:12)
    at zr.request (C:\Users\acer\Desktop\assignment\backend\node_modules\@prisma\client\src\runtime\RequestHandler.ts:152:12)
    at processTicksAndRejections (node:internal/process/task_queues:105:5)
    at a (C:\Users\acer\Desktop\assignment\backend\node_modules\@prisma\client\src\runtime\getPrismaClient.ts:963:24)
    at Object.login (C:\Users\acer\Desktop\assignment\backend\src\services\auth.service.ts:48:18)
    at login (C:\Users\acer\Desktop\assignment\backend\src\controllers\auth.controller.ts:54:20)
2026-05-19 19:21:42 [[31merror[39m]: PrismaClientKnownRequestError: 
Invalid `prisma.user.findUnique()` invocation in
C:\Users\acer\Desktop\assignment\backend\src\services\auth.service.ts:48:36

  45 },
  46 
  47 async login(input: LoginInput) {
→ 48   const user = await prisma.user.findUnique(
Error opening a TLS connection: self-signed certificate in certificate chain
    at zr.handleRequestError (C:\Users\acer\Desktop\assignment\backend\node_modules\@prisma\client\src\runtime\RequestHandler.ts:237:13)
    at zr.handleAndLogRequestError (C:\Users\acer\Desktop\assignment\backend\node_modules\@prisma\client\src\runtime\RequestHandler.ts:183:12)
    at zr.request (C:\Users\acer\Desktop\assignment\backend\node_modules\@prisma\client\src\runtime\RequestHandler.ts:152:12)
    at processTicksAndRejections (node:internal/process/task_queues:105:5)
    at a (C:\Users\acer\Desktop\assignment\backend\node_modules\@prisma\client\src\runtime\getPrismaClient.ts:963:24)
    at Object.login (C:\Users\acer\Desktop\assignment\backend\src\services\auth.service.ts:48:18)
    at login (C:\Users\acer\Desktop\assignment\backend\src\controllers\auth.controller.ts:54:20)
2026-05-19 19:27:41 [[32minfo[39m]: ✅ Socket.IO initialized
2026-05-19 19:27:41 [[32minfo[39m]: ✅ Database connected
2026-05-19 19:27:41 [[32minfo[39m]: 🚀 BookLeaf API server running on port 5000
2026-05-19 19:27:41 [[32minfo[39m]: 📚 Swagger docs: http://localhost:5000/api/docs
2026-05-19 19:27:41 [[32minfo[39m]: 🔌 Socket.IO enabled
2026-05-19 21:05:57 [[32minfo[39m]: ✅ Socket.IO initialized
2026-05-19 21:05:57 [[32minfo[39m]: ✅ Database connected
2026-05-19 21:05:57 [[32minfo[39m]: 🚀 BookLeaf API server running on port 5000
2026-05-19 21:05:57 [[32minfo[39m]: 📚 Swagger docs: http://localhost:5000/api/docs
2026-05-19 21:05:57 [[32minfo[39m]: 🔌 Socket.IO enabled
2026-05-19 21:10:53 [[31merror[39m]: PrismaClientKnownRequestError: 
Invalid `prisma.user.findUnique()` invocation in
C:\Users\acer\Desktop\assignment\backend\src\services\auth.service.ts:48:36

  45 },
  46 
  47 async login(input: LoginInput) {
→ 48   const user = await prisma.user.findUnique(
Error opening a TLS connection: self-signed certificate in certificate chain
    at zr.handleRequestError (C:\Users\acer\Desktop\assignment\backend\node_modules\@prisma\client\src\runtime\RequestHandler.ts:237:13)
    at zr.handleAndLogRequestError (C:\Users\acer\Desktop\assignment\backend\node_modules\@prisma\client\src\runtime\RequestHandler.ts:183:12)
    at zr.request (C:\Users\acer\Desktop\assignment\backend\node_modules\@prisma\client\src\runtime\RequestHandler.ts:152:12)
    at processTicksAndRejections (node:internal/process/task_queues:105:5)
    at a (C:\Users\acer\Desktop\assignment\backend\node_modules\@prisma\client\src\runtime\getPrismaClient.ts:963:24)
    at Object.login (C:\Users\acer\Desktop\assignment\backend\src\services\auth.service.ts:48:18)
    at login (C:\Users\acer\Desktop\assignment\backend\src\controllers\auth.controller.ts:54:20)
2026-05-19 21:12:42 [[32minfo[39m]: ✅ Socket.IO initialized
2026-05-19 21:12:42 [[32minfo[39m]: ✅ Database connected
2026-05-19 21:12:42 [[32minfo[39m]: 🚀 BookLeaf API server running on port 5000
2026-05-19 21:12:42 [[32minfo[39m]: 📚 Swagger docs: http://localhost:5000/api/docs
2026-05-19 21:12:42 [[32minfo[39m]: 🔌 Socket.IO enabled
2026-05-19 21:12:55 [[31merror[39m]: PrismaClientKnownRequestError: 
Invalid `prisma.user.findUnique()` invocation in
C:\Users\acer\Desktop\assignment\backend\src\services\auth.service.ts:28:40

  25 
  26 export const authService = {
  27   async register(input: RegisterInput) {
→ 28     const existing = await prisma.user.findUnique(
Error opening a TLS connection: self-signed certificate in certificate chain
    at zr.handleRequestError (C:\Users\acer\Desktop\assignment\backend\node_modules\@prisma\client\src\runtime\RequestHandler.ts:237:13)
    at zr.handleAndLogRequestError (C:\Users\acer\Desktop\assignment\backend\node_modules\@prisma\client\src\runtime\RequestHandler.ts:183:12)
    at zr.request (C:\Users\acer\Desktop\assignment\backend\node_modules\@prisma\client\src\runtime\RequestHandler.ts:152:12)
    at processTicksAndRejections (node:internal/process/task_queues:105:5)
    at a (C:\Users\acer\Desktop\assignment\backend\node_modules\@prisma\client\src\runtime\getPrismaClient.ts:963:24)
    at Object.register (C:\Users\acer\Desktop\assignment\backend\src\services\auth.service.ts:28:22)
    at register (C:\Users\acer\Desktop\assignment\backend\src\controllers\auth.controller.ts:32:20)
2026-05-19 21:18:05 [[32minfo[39m]: ✅ Socket.IO initialized
2026-05-19 21:18:05 [[32minfo[39m]: ✅ Database connected
2026-05-19 21:18:05 [[32minfo[39m]: 🚀 BookLeaf API server running on port 5000
2026-05-19 21:18:05 [[32minfo[39m]: 📚 Swagger docs: http://localhost:5000/api/docs
2026-05-19 21:18:05 [[32minfo[39m]: 🔌 Socket.IO enabled
2026-05-19 21:18:45 [[31merror[39m]: PrismaClientKnownRequestError: 
Invalid `prisma.user.findUnique()` invocation in
C:\Users\acer\Desktop\assignment\backend\src\services\auth.service.ts:48:36

  45 },
  46 
  47 async login(input: LoginInput) {
→ 48   const user = await prisma.user.findUnique(
Error opening a TLS connection: self-signed certificate in certificate chain
    at zr.handleRequestError (C:\Users\acer\Desktop\assignment\backend\node_modules\@prisma\client\src\runtime\RequestHandler.ts:237:13)
    at zr.handleAndLogRequestError (C:\Users\acer\Desktop\assignment\backend\node_modules\@prisma\client\src\runtime\RequestHandler.ts:183:12)
    at zr.request (C:\Users\acer\Desktop\assignment\backend\node_modules\@prisma\client\src\runtime\RequestHandler.ts:152:12)
    at processTicksAndRejections (node:internal/process/task_queues:105:5)
    at a (C:\Users\acer\Desktop\assignment\backend\node_modules\@prisma\client\src\runtime\getPrismaClient.ts:963:24)
    at Object.login (C:\Users\acer\Desktop\assignment\backend\src\services\auth.service.ts:48:18)
    at login (C:\Users\acer\Desktop\assignment\backend\src\controllers\auth.controller.ts:54:20)
2026-05-19 21:19:06 [[31merror[39m]: PrismaClientKnownRequestError: 
Invalid `prisma.user.findUnique()` invocation in
C:\Users\acer\Desktop\assignment\backend\src\services\auth.service.ts:28:40

  25 
  26 export const authService = {
  27   async register(input: RegisterInput) {
→ 28     const existing = await prisma.user.findUnique(
Error opening a TLS connection: self-signed certificate in certificate chain
    at zr.handleRequestError (C:\Users\acer\Desktop\assignment\backend\node_modules\@prisma\client\src\runtime\RequestHandler.ts:237:13)
    at zr.handleAndLogRequestError (C:\Users\acer\Desktop\assignment\backend\node_modules\@prisma\client\src\runtime\RequestHandler.ts:183:12)
    at zr.request (C:\Users\acer\Desktop\assignment\backend\node_modules\@prisma\client\src\runtime\RequestHandler.ts:152:12)
    at processTicksAndRejections (node:internal/process/task_queues:105:5)
    at a (C:\Users\acer\Desktop\assignment\backend\node_modules\@prisma\client\src\runtime\getPrismaClient.ts:963:24)
    at Object.register (C:\Users\acer\Desktop\assignment\backend\src\services\auth.service.ts:28:22)
    at register (C:\Users\acer\Desktop\assignment\backend\src\controllers\auth.controller.ts:32:20)
2026-05-19 21:22:35 [[32minfo[39m]: ✅ Socket.IO initialized
2026-05-19 21:22:35 [[32minfo[39m]: ✅ Database connected
2026-05-19 21:22:35 [[32minfo[39m]: 🚀 BookLeaf API server running on port 5000
2026-05-19 21:22:35 [[32minfo[39m]: 📚 Swagger docs: http://localhost:5000/api/docs
2026-05-19 21:22:35 [[32minfo[39m]: 🔌 Socket.IO enabled
2026-05-19 21:25:45 [[32minfo[39m]: ✅ Socket.IO initialized
2026-05-19 21:25:45 [[32minfo[39m]: ✅ Database connected
2026-05-19 21:25:45 [[32minfo[39m]: 🚀 BookLeaf API server running on port 5000
2026-05-19 21:25:45 [[32minfo[39m]: 📚 Swagger docs: http://localhost:5000/api/docs
2026-05-19 21:25:45 [[32minfo[39m]: 🔌 Socket.IO enabled
2026-05-19 21:26:58 [[31merror[39m]: Error: Invalid email or password
    at createError (C:\Users\acer\Desktop\assignment\backend\src\middleware\errorHandler.ts:10:27)
    at Object.login (C:\Users\acer\Desktop\assignment\backend\src\services\auth.service.ts:53:24)
    at processTicksAndRejections (node:internal/process/task_queues:105:5)
    at login (C:\Users\acer\Desktop\assignment\backend\src\controllers\auth.controller.ts:54:20)
2026-05-19 21:27:29 [[32minfo[39m]: New author registered: rahulkanyaltech@gmail.com
2026-05-19 21:27:50 [[31merror[39m]: Error: Invalid email or password
    at createError (C:\Users\acer\Desktop\assignment\backend\src\middleware\errorHandler.ts:10:27)
    at Object.login (C:\Users\acer\Desktop\assignment\backend\src\services\auth.service.ts:53:24)
    at processTicksAndRejections (node:internal/process/task_queues:105:5)
    at login (C:\Users\acer\Desktop\assignment\backend\src\controllers\auth.controller.ts:54:20)
2026-05-19 21:27:53 [[31merror[39m]: Error: Invalid email or password
    at createError (C:\Users\acer\Desktop\assignment\backend\src\middleware\errorHandler.ts:10:27)
    at Object.login (C:\Users\acer\Desktop\assignment\backend\src\services\auth.service.ts:53:24)
    at processTicksAndRejections (node:internal/process/task_queues:105:5)
    at login (C:\Users\acer\Desktop\assignment\backend\src\controllers\auth.controller.ts:54:20)
2026-05-19 21:27:54 [[31merror[39m]: Error: Invalid email or password
    at createError (C:\Users\acer\Desktop\assignment\backend\src\middleware\errorHandler.ts:10:27)
    at Object.login (C:\Users\acer\Desktop\assignment\backend\src\services\auth.service.ts:53:24)
    at processTicksAndRejections (node:internal/process/task_queues:105:5)
    at login (C:\Users\acer\Desktop\assignment\backend\src\controllers\auth.controller.ts:54:20)
2026-05-19 21:28:09 [[32minfo[39m]: New author registered: admin@bookleaf.com
2026-05-19 21:33:51 [[32minfo[39m]: ✅ Socket.IO initialized
2026-05-19 21:33:51 [[32minfo[39m]: ✅ Database connected
2026-05-19 21:33:51 [[32minfo[39m]: 🚀 BookLeaf API server running on port 5000
2026-05-19 21:33:51 [[32minfo[39m]: 📚 Swagger docs: http://localhost:5000/api/docs
2026-05-19 21:33:51 [[32minfo[39m]: 🔌 Socket.IO enabled
2026-05-19 21:33:54 [[31merror[39m]: Error: Access denied: insufficient permissions
    at createError (C:\Users\acer\Desktop\assignment\backend\src\middleware\errorHandler.ts:10:27)
    at C:\Users\acer\Desktop\assignment\backend\src\middleware\auth.middleware.ts:52:23
    at Layer.handleRequest (C:\Users\acer\Desktop\assignment\backend\node_modules\router\lib\layer.js:152:17)
    at trimPrefix (C:\Users\acer\Desktop\assignment\backend\node_modules\router\index.js:342:13)
    at C:\Users\acer\Desktop\assignment\backend\node_modules\router\index.js:297:9
    at processParams (C:\Users\acer\Desktop\assignment\backend\node_modules\router\index.js:582:12)
    at next (C:\Users\acer\Desktop\assignment\backend\node_modules\router\index.js:291:5)
    at authenticate (C:\Users\acer\Desktop\assignment\backend\src\middleware\auth.middleware.ts:39:5)
    at processTicksAndRejections (node:internal/process/task_queues:105:5)
2026-05-19 21:33:54 [[31merror[39m]: Error: Access denied: insufficient permissions
    at createError (C:\Users\acer\Desktop\assignment\backend\src\middleware\errorHandler.ts:10:27)
    at C:\Users\acer\Desktop\assignment\backend\src\middleware\auth.middleware.ts:52:23
    at Layer.handleRequest (C:\Users\acer\Desktop\assignment\backend\node_modules\router\lib\layer.js:152:17)
    at trimPrefix (C:\Users\acer\Desktop\assignment\backend\node_modules\router\index.js:342:13)
    at C:\Users\acer\Desktop\assignment\backend\node_modules\router\index.js:297:9
    at processParams (C:\Users\acer\Desktop\assignment\backend\node_modules\router\index.js:582:12)
    at next (C:\Users\acer\Desktop\assignment\backend\node_modules\router\index.js:291:5)
    at authenticate (C:\Users\acer\Desktop\assignment\backend\src\middleware\auth.middleware.ts:39:5)
    at processTicksAndRejections (node:internal/process/task_queues:105:5)
2026-05-19 21:34:05 [[32minfo[39m]: User logged in: admin@bookleaf.com (ADMIN)
2026-05-20 01:01:53 [[32minfo[39m]: ✅ Socket.IO initialized
2026-05-20 01:01:53 [[32minfo[39m]: ✅ Database connected
2026-05-20 01:01:53 [[32minfo[39m]: 🚀 BookLeaf API server running on port 5000
2026-05-20 01:01:53 [[32minfo[39m]: 📚 Swagger docs: http://localhost:5000/api/docs
2026-05-20 01:01:53 [[32minfo[39m]: 🔌 Socket.IO enabled
2026-05-20 01:01:56 [[31merror[39m]: PrismaClientKnownRequestError: 
Invalid `prisma.user.findUnique()` invocation in
C:\Users\acer\Desktop\assignment\backend\src\services\auth.service.ts:48:36

  45 },
  46 
  47 async login(input: LoginInput) {
→ 48   const user = await prisma.user.findUnique(
Error opening a TLS connection: self-signed certificate in certificate chain
    at zr.handleRequestError (C:\Users\acer\Desktop\assignment\backend\node_modules\@prisma\client\src\runtime\RequestHandler.ts:237:13)
    at zr.handleAndLogRequestError (C:\Users\acer\Desktop\assignment\backend\node_modules\@prisma\client\src\runtime\RequestHandler.ts:183:12)
    at zr.request (C:\Users\acer\Desktop\assignment\backend\node_modules\@prisma\client\src\runtime\RequestHandler.ts:152:12)
    at processTicksAndRejections (node:internal/process/task_queues:105:5)
    at a (C:\Users\acer\Desktop\assignment\backend\node_modules\@prisma\client\src\runtime\getPrismaClient.ts:963:24)
    at Object.login (C:\Users\acer\Desktop\assignment\backend\src\services\auth.service.ts:48:18)
    at login (C:\Users\acer\Desktop\assignment\backend\src\controllers\auth.controller.ts:54:20)
2026-05-20 01:02:03 [[31merror[39m]: PrismaClientKnownRequestError: 
Invalid `prisma.user.findUnique()` invocation in
C:\Users\acer\Desktop\assignment\backend\src\services\auth.service.ts:48:36

  45 },
  46 
  47 async login(input: LoginInput) {
→ 48   const user = await prisma.user.findUnique(
Error opening a TLS connection: self-signed certificate in certificate chain
    at zr.handleRequestError (C:\Users\acer\Desktop\assignment\backend\node_modules\@prisma\client\src\runtime\RequestHandler.ts:237:13)
    at zr.handleAndLogRequestError (C:\Users\acer\Desktop\assignment\backend\node_modules\@prisma\client\src\runtime\RequestHandler.ts:183:12)
    at zr.request (C:\Users\acer\Desktop\assignment\backend\node_modules\@prisma\client\src\runtime\RequestHandler.ts:152:12)
    at processTicksAndRejections (node:internal/process/task_queues:105:5)
    at a (C:\Users\acer\Desktop\assignment\backend\node_modules\@prisma\client\src\runtime\getPrismaClient.ts:963:24)
    at Object.login (C:\Users\acer\Desktop\assignment\backend\src\services\auth.service.ts:48:18)
    at login (C:\Users\acer\Desktop\assignment\backend\src\controllers\auth.controller.ts:54:20)
2026-05-20 01:02:18 [[31merror[39m]: PrismaClientKnownRequestError: 
Invalid `prisma.user.findUnique()` invocation in
C:\Users\acer\Desktop\assignment\backend\src\services\auth.service.ts:28:40

  25 
  26 export const authService = {
  27   async register(input: RegisterInput) {
→ 28     const existing = await prisma.user.findUnique(
Error opening a TLS connection: self-signed certificate in certificate chain
    at zr.handleRequestError (C:\Users\acer\Desktop\assignment\backend\node_modules\@prisma\client\src\runtime\RequestHandler.ts:237:13)
    at zr.handleAndLogRequestError (C:\Users\acer\Desktop\assignment\backend\node_modules\@prisma\client\src\runtime\RequestHandler.ts:183:12)
    at zr.request (C:\Users\acer\Desktop\assignment\backend\node_modules\@prisma\client\src\runtime\RequestHandler.ts:152:12)
    at processTicksAndRejections (node:internal/process/task_queues:105:5)
    at a (C:\Users\acer\Desktop\assignment\backend\node_modules\@prisma\client\src\runtime\getPrismaClient.ts:963:24)
    at Object.register (C:\Users\acer\Desktop\assignment\backend\src\services\auth.service.ts:28:22)
    at register (C:\Users\acer\Desktop\assignment\backend\src\controllers\auth.controller.ts:32:20)
2026-05-20 01:03:19 [[32minfo[39m]: ✅ Socket.IO initialized
2026-05-20 01:03:19 [[32minfo[39m]: ✅ Database connected
2026-05-20 01:03:19 [[32minfo[39m]: 🚀 BookLeaf API server running on port 5000
2026-05-20 01:03:19 [[32minfo[39m]: 📚 Swagger docs: http://localhost:5000/api/docs
2026-05-20 01:03:19 [[32minfo[39m]: 🔌 Socket.IO enabled
2026-05-20 01:04:08 [[31merror[39m]: PrismaClientKnownRequestError: 
Invalid `prisma.user.findUnique()` invocation in
C:\Users\acer\Desktop\assignment\backend\src\services\auth.service.ts:48:36

  45 },
  46 
  47 async login(input: LoginInput) {
→ 48   const user = await prisma.user.findUnique(
Error opening a TLS connection: self-signed certificate in certificate chain
    at zr.handleRequestError (C:\Users\acer\Desktop\assignment\backend\node_modules\@prisma\client\src\runtime\RequestHandler.ts:237:13)
    at zr.handleAndLogRequestError (C:\Users\acer\Desktop\assignment\backend\node_modules\@prisma\client\src\runtime\RequestHandler.ts:183:12)
    at zr.request (C:\Users\acer\Desktop\assignment\backend\node_modules\@prisma\client\src\runtime\RequestHandler.ts:152:12)
    at processTicksAndRejections (node:internal/process/task_queues:105:5)
    at a (C:\Users\acer\Desktop\assignment\backend\node_modules\@prisma\client\src\runtime\getPrismaClient.ts:963:24)
    at Object.login (C:\Users\acer\Desktop\assignment\backend\src\services\auth.service.ts:48:18)
    at login (C:\Users\acer\Desktop\assignment\backend\src\controllers\auth.controller.ts:54:20)
2026-05-20 01:04:38 [[32minfo[39m]: ✅ Socket.IO initialized
2026-05-20 01:04:38 [[32minfo[39m]: ✅ Database connected
2026-05-20 01:04:38 [[32minfo[39m]: 🚀 BookLeaf API server running on port 5000
2026-05-20 01:04:38 [[32minfo[39m]: 📚 Swagger docs: http://localhost:5000/api/docs
2026-05-20 01:04:38 [[32minfo[39m]: 🔌 Socket.IO enabled
2026-05-20 01:04:51 [[31merror[39m]: PrismaClientKnownRequestError: 
Invalid `prisma.user.findUnique()` invocation in
C:\Users\acer\Desktop\assignment\backend\src\services\auth.service.ts:48:36

  45 },
  46 
  47 async login(input: LoginInput) {
→ 48   const user = await prisma.user.findUnique(
Error opening a TLS connection: self-signed certificate in certificate chain
    at zr.handleRequestError (C:\Users\acer\Desktop\assignment\backend\node_modules\@prisma\client\src\runtime\RequestHandler.ts:237:13)
    at zr.handleAndLogRequestError (C:\Users\acer\Desktop\assignment\backend\node_modules\@prisma\client\src\runtime\RequestHandler.ts:183:12)
    at zr.request (C:\Users\acer\Desktop\assignment\backend\node_modules\@prisma\client\src\runtime\RequestHandler.ts:152:12)
    at processTicksAndRejections (node:internal/process/task_queues:105:5)
    at a (C:\Users\acer\Desktop\assignment\backend\node_modules\@prisma\client\src\runtime\getPrismaClient.ts:963:24)
    at Object.login (C:\Users\acer\Desktop\assignment\backend\src\services\auth.service.ts:48:18)
    at login (C:\Users\acer\Desktop\assignment\backend\src\controllers\auth.controller.ts:54:20)
2026-05-20 01:07:18 [[32minfo[39m]: ✅ Socket.IO initialized
2026-05-20 01:07:18 [[32minfo[39m]: ✅ Database connected
2026-05-20 01:07:18 [[32minfo[39m]: 🚀 BookLeaf API server running on port 5000
2026-05-20 01:07:18 [[32minfo[39m]: 📚 Swagger docs: http://localhost:5000/api/docs
2026-05-20 01:07:18 [[32minfo[39m]: 🔌 Socket.IO enabled
2026-05-20 01:07:41 [[31merror[39m]: PrismaClientKnownRequestError: 
Invalid `prisma.user.findUnique()` invocation in
C:\Users\acer\Desktop\assignment\backend\src\services\auth.service.ts:48:36

  45 },
  46 
  47 async login(input: LoginInput) {
→ 48   const user = await prisma.user.findUnique(
Error opening a TLS connection: self-signed certificate in certificate chain
    at zr.handleRequestError (C:\Users\acer\Desktop\assignment\backend\node_modules\@prisma\client\src\runtime\RequestHandler.ts:237:13)
    at zr.handleAndLogRequestError (C:\Users\acer\Desktop\assignment\backend\node_modules\@prisma\client\src\runtime\RequestHandler.ts:183:12)
    at zr.request (C:\Users\acer\Desktop\assignment\backend\node_modules\@prisma\client\src\runtime\RequestHandler.ts:152:12)
    at processTicksAndRejections (node:internal/process/task_queues:105:5)
    at a (C:\Users\acer\Desktop\assignment\backend\node_modules\@prisma\client\src\runtime\getPrismaClient.ts:963:24)
    at Object.login (C:\Users\acer\Desktop\assignment\backend\src\services\auth.service.ts:48:18)
    at login (C:\Users\acer\Desktop\assignment\backend\src\controllers\auth.controller.ts:54:20)
2026-05-20 01:08:00 [[31merror[39m]: PrismaClientKnownRequestError: 
Invalid `prisma.user.findUnique()` invocation in
C:\Users\acer\Desktop\assignment\backend\src\services\auth.service.ts:48:36

  45 },
  46 
  47 async login(input: LoginInput) {
→ 48   const user = await prisma.user.findUnique(
Error opening a TLS connection: self-signed certificate in certificate chain
    at zr.handleRequestError (C:\Users\acer\Desktop\assignment\backend\node_modules\@prisma\client\src\runtime\RequestHandler.ts:237:13)
    at zr.handleAndLogRequestError (C:\Users\acer\Desktop\assignment\backend\node_modules\@prisma\client\src\runtime\RequestHandler.ts:183:12)
    at zr.request (C:\Users\acer\Desktop\assignment\backend\node_modules\@prisma\client\src\runtime\RequestHandler.ts:152:12)
    at processTicksAndRejections (node:internal/process/task_queues:105:5)
    at a (C:\Users\acer\Desktop\assignment\backend\node_modules\@prisma\client\src\runtime\getPrismaClient.ts:963:24)
    at Object.login (C:\Users\acer\Desktop\assignment\backend\src\services\auth.service.ts:48:18)
    at login (C:\Users\acer\Desktop\assignment\backend\src\controllers\auth.controller.ts:54:20)
2026-05-20 01:10:20 [[32minfo[39m]: ✅ Socket.IO initialized
2026-05-20 01:10:20 [[32minfo[39m]: ✅ Database connected
2026-05-20 01:10:20 [[32minfo[39m]: 🚀 BookLeaf API server running on port 5000
2026-05-20 01:10:20 [[32minfo[39m]: 📚 Swagger docs: http://localhost:5000/api/docs
2026-05-20 01:10:20 [[32minfo[39m]: 🔌 Socket.IO enabled
2026-05-20 01:10:38 [[31merror[39m]: PrismaClientKnownRequestError: 
Invalid `prisma.user.findUnique()` invocation in
C:\Users\acer\Desktop\assignment\backend\src\services\auth.service.ts:48:36

  45 },
  46 
  47 async login(input: LoginInput) {
→ 48   const user = await prisma.user.findUnique(
Error opening a TLS connection: self-signed certificate in certificate chain
    at zr.handleRequestError (C:\Users\acer\Desktop\assignment\backend\node_modules\@prisma\client\src\runtime\RequestHandler.ts:237:13)
    at zr.handleAndLogRequestError (C:\Users\acer\Desktop\assignment\backend\node_modules\@prisma\client\src\runtime\RequestHandler.ts:183:12)
    at zr.request (C:\Users\acer\Desktop\assignment\backend\node_modules\@prisma\client\src\runtime\RequestHandler.ts:152:12)
    at processTicksAndRejections (node:internal/process/task_queues:105:5)
    at a (C:\Users\acer\Desktop\assignment\backend\node_modules\@prisma\client\src\runtime\getPrismaClient.ts:963:24)
    at Object.login (C:\Users\acer\Desktop\assignment\backend\src\services\auth.service.ts:48:18)
    at login (C:\Users\acer\Desktop\assignment\backend\src\controllers\auth.controller.ts:54:20)
2026-05-20 01:12:31 [[32minfo[39m]: ✅ Socket.IO initialized
2026-05-20 01:12:31 [[32minfo[39m]: ✅ Database connected
2026-05-20 01:12:31 [[32minfo[39m]: 🚀 BookLeaf API server running on port 5000
2026-05-20 01:12:31 [[32minfo[39m]: 📚 Swagger docs: http://localhost:5000/api/docs
2026-05-20 01:12:31 [[32minfo[39m]: 🔌 Socket.IO enabled
2026-05-20 01:13:42 [[31merror[39m]: PrismaClientKnownRequestError: 
Invalid `prisma.user.findUnique()` invocation in
C:\Users\acer\Desktop\assignment\backend\src\services\auth.service.ts:48:36

  45 },
  46 
  47 async login(input: LoginInput) {
→ 48   const user = await prisma.user.findUnique(
Error opening a TLS connection: self-signed certificate in certificate chain
    at zr.handleRequestError (C:\Users\acer\Desktop\assignment\backend\node_modules\@prisma\client\src\runtime\RequestHandler.ts:237:13)
    at zr.handleAndLogRequestError (C:\Users\acer\Desktop\assignment\backend\node_modules\@prisma\client\src\runtime\RequestHandler.ts:183:12)
    at zr.request (C:\Users\acer\Desktop\assignment\backend\node_modules\@prisma\client\src\runtime\RequestHandler.ts:152:12)
    at processTicksAndRejections (node:internal/process/task_queues:105:5)
    at a (C:\Users\acer\Desktop\assignment\backend\node_modules\@prisma\client\src\runtime\getPrismaClient.ts:963:24)
    at Object.login (C:\Users\acer\Desktop\assignment\backend\src\services\auth.service.ts:48:18)
    at login (C:\Users\acer\Desktop\assignment\backend\src\controllers\auth.controller.ts:54:20)
2026-05-20 01:13:50 [[32minfo[39m]: ✅ Socket.IO initialized
2026-05-20 01:13:50 [[32minfo[39m]: ✅ Database connected
2026-05-20 01:13:50 [[32minfo[39m]: 🚀 BookLeaf API server running on port 5000
2026-05-20 01:13:50 [[32minfo[39m]: 📚 Swagger docs: http://localhost:5000/api/docs
2026-05-20 01:13:50 [[32minfo[39m]: 🔌 Socket.IO enabled
2026-05-20 01:14:03 [[32minfo[39m]: User logged in: admin@bookleaf.com (ADMIN)
2026-05-20 01:14:11 [[32minfo[39m]: ✅ Socket.IO initialized
2026-05-20 01:14:11 [[32minfo[39m]: ✅ Database connected
2026-05-20 01:14:11 [[32minfo[39m]: 🚀 BookLeaf API server running on port 5000
2026-05-20 01:14:11 [[32minfo[39m]: 📚 Swagger docs: http://localhost:5000/api/docs
2026-05-20 01:14:11 [[32minfo[39m]: 🔌 Socket.IO enabled
